# Host Check Report

generated_at: 2026-06-08 15:25:33
mode: local
service: (not provided)
port: 20050
sample_dir: (not used)

---

## DISK: df -h
status: OK

```text
Filesystem      Size  Used Avail Use% Mounted on
none            3.9G     0  3.9G   0% /usr/lib/modules/6.6.87.2-microsoft-standard-WSL2
none            3.9G  4.0K  3.9G   1% /mnt/wsl
drivers         201G  142G   59G  71% /usr/lib/wsl/drivers
/dev/sdd       1007G  4.0G  952G   1% /
none            3.9G   80K  3.9G   1% /mnt/wslg
none            3.9G     0  3.9G   0% /usr/lib/wsl/lib
rootfs          3.9G  2.7M  3.8G   1% /init
none            3.9G  504K  3.9G   1% /run
none            3.9G     0  3.9G   0% /run/lock
none            3.9G     0  3.9G   0% /run/shm
none            3.9G   76K  3.9G   1% /mnt/wslg/versions.txt
none            3.9G   76K  3.9G   1% /mnt/wslg/doc
C:\             201G  142G   59G  71% /mnt/c
D:\             277G   65G  212G  24% /mnt/d
tmpfs           3.9G   16K  3.9G   1% /run/user/1000
```

## MEMORY: free -h
status: OK

```text
total        used        free      shared  buff/cache   available
Mem:           7.6Gi       938Mi       6.6Gi       3.4Mi       291Mi       6.7Gi
Swap:          2.0Gi          0B       2.0Gi
```

## LOAD: uptime
status: OK

```text
15:25:33 up  1:39,  1 user,  load average: 0.00, 0.02, 0.03
```

## PORT: 20050
status: OK

```text
LISTEN 0      5            0.0.0.0:20050      0.0.0.0:*    users:(("python3",pid=1881,fd=3))
```
