# Host Check Report

generated_at: 2026-06-08 16:04:02
mode: sample
service: lwops_agentd
port: 20050
sample_dir: samples/10.120.81.79

---

## DISK SAMPLE: df.txt
status: OK

```text
文件系统               容量  已用  可用 已用% 挂载点
devtmpfs                16G     0   16G    0% /dev
tmpfs                   16G   24M   16G    1% /dev/shm
tmpfs                   16G  1.6G   14G   10% /run
tmpfs                   16G     0   16G    0% /sys/fs/cgroup
/dev/mapper/klas-root   62G   16G   47G   25% /
/dev/vda1             1014M  303M  712M   30% /boot
/dev/vdb1              690G   26G  664G    4% /mnt/T3_Airport
tmpfs                   16G  872K   16G    1% /tmp
tmpfs                   60M     0   60M    0% /var/log/rtlog
tmpfs                  3.1G     0  3.1G    0% /run/user/991
tmpfs                  3.1G     0  3.1G    0% /run/user/0
tmpfs                  3.1G     0  3.1G    0% /run/user/68
```

## MEMORY SAMPLE: free.txt
status: OK

```text
total        used        free      shared  buff/cache   available
Mem:           30Gi        22Gi       275Mi       1.1Gi       7.2Gi       6.0Gi
Swap:         7.9Gi       1.3Gi       6.6Gi
```

## LOAD SAMPLE: uptime.txt
status: OK

```text
15:51:22 up 232 days, 22:24,  1 user,  load average: 0.22, 0.13, 0.10
```

## PORT SAMPLE: 20050
status: OK

```text
LISTEN              0                   512                                                   *:20050                                      *:*                  users:(("lwops_agentd",pid=2573580,fd=6))              
```

## SERVICE SAMPLE: lwops_agentd
status: OK

```text
● lwops_agentd.service - Lwops Agent
   Loaded: loaded (/usr/lib/systemd/system/lwops_agentd.service; enabled; vendor preset: disabled)
   Active: active (running) since Mon 2026-01-05 15:05:08 CST; 5 months 1 days ago
 Main PID: 2573580 (lwops_agentd)
    Tasks: 41
   Memory: 35.2M
   CGroup: /system.slice/lwops_agentd.service
           └─2573580 /usr/local/lwops/sbin/lwops_agentd -c /usr/local/lwops/etc/lwops_agentd.conf

Warning: Journal has been rotated since unit was started. Log output is incomplete or unavailable.

parsed active line: Active: active (running) since Mon 2026-01-05 15:05:08 CST; 5 months 1 days ago
```

## LOG SAMPLE: log.txt
status: OK

```text
log.txt not provided, skipped
```
